
> temp_app@0.1.0 build
> prisma generate && prisma db push --accept-data-loss && next build

Environment variables loaded from .env
Prisma schema loaded from prisma\schema.prisma

Ô£ö Generated Prisma Client (v5.22.0) to .\node_modules\@prisma\client in 435ms

Start by importing your Prisma Client (See: https://pris.ly/d/importing-client)

Tip: Easily identify and fix slow SQL queries in your app. Optimize helps you enhance your visibility: https://pris.ly/--optimize

ÔöîÔöÇÔöÇÔöÇÔöÇÔöÇÔöÇÔöÇÔöÇÔöÇÔöÇÔöÇÔöÇÔöÇÔöÇÔöÇÔöÇÔöÇÔöÇÔöÇÔöÇÔöÇÔöÇÔöÇÔöÇÔöÇÔöÇÔöÇÔöÇÔöÇÔöÇÔöÇÔöÇÔöÇÔöÇÔöÇÔöÇÔöÇÔöÇÔöÇÔöÇÔöÇÔöÇÔöÇÔöÇÔöÇÔöÇÔöÇÔöÇÔöÇÔöÇÔöÇÔöÇÔöÇÔöÇÔöÇÔöÇÔöÇÔöÉ
Ôöé  Update available 5.22.0 -> 7.4.2                       Ôöé
Ôöé                                                         Ôöé
Ôöé  This is a major update - please follow the guide at    Ôöé
Ôöé  https://pris.ly/d/major-version-upgrade                Ôöé
Ôöé                                                         Ôöé
Ôöé  Run the following to update                            Ôöé
Ôöé    npm i --save-dev prisma@latest                       Ôöé
Ôöé    npm i @prisma/client@latest                          Ôöé
ÔööÔöÇÔöÇÔöÇÔöÇÔöÇÔöÇÔöÇÔöÇÔöÇÔöÇÔöÇÔöÇÔöÇÔöÇÔöÇÔöÇÔöÇÔöÇÔöÇÔöÇÔöÇÔöÇÔöÇÔöÇÔöÇÔöÇÔöÇÔöÇÔöÇÔöÇÔöÇÔöÇÔöÇÔöÇÔöÇÔöÇÔöÇÔöÇÔöÇÔöÇÔöÇÔöÇÔöÇÔöÇÔöÇÔöÇÔöÇÔöÇÔöÇÔöÇÔöÇÔöÇÔöÇÔöÇÔöÇÔöÇÔöÇÔöİ
Environment variables loaded from .env
Prisma schema loaded from prisma\schema.prisma
Datasource "db": PostgreSQL database

Error: Prisma schema validation - (get-config wasm)
Error code: P1012
error: Error validating datasource `db`: the URL must start with the protocol `postgresql://` or `postgres://`.
  -->  prisma\schema.prisma:7
   | 
 6 |   provider = "postgresql"
 7 |   url      = env("DATABASE_URL")
   | 

Validation Error Count: 1
[Context: getConfig]

Prisma CLI Version : 5.22.0
